Testing pairplot profile validation...
  Correctly caught exception: ValueError: Unknown theme profile 'nonexistent_profile'. No profiles are currently registered; use sns.register_theme_profile() to add one.
Testing jointplot profile validation...
  Correctly caught exception: ValueError: Unknown theme profile 'nonexistent_profile'. No profiles are currently registered; use sns.register_theme_profile() to add one.
Testing clustermap profile validation...
  Correctly caught exception: ValueError: Unknown theme profile 'nonexistent_profile'. No profiles are currently registered; use sns.register_theme_profile() to add one.
Testing valid profile=None (default)...
  pairplot with profile=None: OK
  jointplot with profile=None: OK
  clustermap with profile=None: OK

All profile validation tests completed!
